// Jest Snapshot v1, https://goo.gl/fbAQLP

exports[`concurrent 1`] = `
"start_describe_definition: describe
add_hook: beforeEach
add_hook: afterEach
add_test: one
add_test: two
add_test: three
finish_describe_definition: describe
run_start
run_describe_start: ROOT_DESCRIBE_BLOCK
run_describe_start: describe
test_start: one
test_start: two
test_start: three
test_started: one
test_started: two
test_started: three
test_fn_start: one
test_fn_start: two
test_fn_start: three
hello one
hello two
hello three
test_fn_failure: one
test_fn_success: two
test_fn_success: three
test_done: one
test_done: two
test_done: three
run_describe_finish: describe
run_describe_finish: ROOT_DESCRIBE_BLOCK
run_finish

unhandledErrors: 0"
`;

exports[`concurrent.each 1`] = `
"start_describe_definition: describe
add_hook: beforeEach
add_hook: afterEach
add_test: one
add_test: two
add_test: three
finish_describe_definition: describe
run_start
run_describe_start: ROOT_DESCRIBE_BLOCK
run_describe_start: describe
test_start: one
test_start: two
test_start: three
test_started: one
test_started: two
test_started: three
test_fn_start: one
test_fn_start: two
test_fn_start: three
hello one
hello two
hello three
test_fn_success: one
test_fn_success: two
test_fn_success: three
test_done: one
test_done: two
test_done: three
run_describe_finish: describe
run_describe_finish: ROOT_DESCRIBE_BLOCK
run_finish

unhandledErrors: 0"
`;

exports[`failures 1`] = `
"start_describe_definition: describe
add_hook: beforeEach
add_hook: afterEach
add_test: one
add_test: two
finish_describe_definition: describe
run_start
run_describe_start: ROOT_DESCRIBE_BLOCK
run_describe_start: describe
test_start: one
test_started: one
hook_start: beforeEach
hook_success: beforeEach
test_fn_start: one
test_fn_failure: one
hook_start: afterEach
hook_failure: afterEach
test_done: one
test_start: two
test_started: two
hook_start: beforeEach
hook_success: beforeEach
test_fn_start: two
test_fn_success: two
hook_start: afterEach
hook_failure: afterEach
test_done: two
run_describe_finish: describe
run_describe_finish: ROOT_DESCRIBE_BLOCK
run_finish

unhandledErrors: 0"
`;

exports[`function descriptors 1`] = `
"start_describe_definition: describer
add_test: One
finish_describe_definition: describer
run_start
run_describe_start: ROOT_DESCRIBE_BLOCK
run_describe_start: describer
test_start: One
test_started: One
test_fn_start: One
test_fn_success: One
test_done: One
run_describe_finish: describer
run_describe_finish: ROOT_DESCRIBE_BLOCK
run_finish

unhandledErrors: 0"
`;

exports[`simple test 1`] = `
"start_describe_definition: describe
add_hook: beforeEach
add_hook: afterEach
add_test: one
add_test: two
finish_describe_definition: describe
run_start
run_describe_start: ROOT_DESCRIBE_BLOCK
run_describe_start: describe
test_start: one
test_started: one
hook_start: beforeEach
hook_success: beforeEach
test_fn_start: one
test_fn_success: one
hook_start: afterEach
hook_success: afterEach
test_done: one
test_start: two
test_started: two
hook_start: beforeEach
hook_success: beforeEach
test_fn_start: two
test_fn_success: two
hook_start: afterEach
hook_success: afterEach
test_done: two
run_describe_finish: describe
run_describe_finish: ROOT_DESCRIBE_BLOCK
run_finish

unhandledErrors: 0"
`;
