// Jest Snapshot v1, https://jestjs.io/docs/snapshot-testing

exports[`with custom equality testers toMatchObject error shows Book objects as equal 1`] = `
"<dim>expect(</intensity><red>received</color><dim>).</intensity>toMatchObject<dim>(</intensity><green>expected</color><dim>)</intensity>

<green>- Expected  - 1</color>
<red>+ Received  + 1</color>

<yellow>@@ -1,7 +1,7 @@</color>
<dim>  Object {</intensity>
<green>-   "a": 2,</color>
<red>+   "a": 1,</color>
<dim>    "b": Book {</intensity>
<dim>      "__connection": 5,</intensity>
<dim>      "authors": Array [</intensity>
<dim>        Author {</intensity>
<dim>          "__connection": 3,</intensity>"
`;
