// Jest Snapshot v1, https://jestjs.io/docs/snapshot-testing

exports[`maps code coverage against original source 1`] = `
Object {
  "covered.ts": Object {
    "b": Object {
      "0": Array [
        1,
        0,
      ],
      "1": Array [
        1,
        0,
      ],
      "2": Array [
        1,
        0,
        0,
      ],
      "3": Array [
        1,
        0,
      ],
    },
    "branchMap": Object {
      "0": Object {
        "loc": Object {
          "end": Object {
            "column": 39,
            "line": 11,
          },
          "start": Object {
            "column": 27,
            "line": 11,
          },
        },
        "locations": Array [
          Object {
            "end": Object {
              "column": 35,
              "line": 11,
            },
            "start": Object {
              "column": 34,
              "line": 11,
            },
          },
          Object {
            "end": Object {
              "column": 39,
              "line": 11,
            },
            "start": Object {
              "column": 38,
              "line": 11,
            },
          },
        ],
        "type": "cond-expr",
      },
      "1": Object {
        "loc": Object {
          "end": Object {
            "column": 39,
            "line": 12,
          },
          "start": Object {
            "column": 27,
            "line": 12,
          },
        },
        "locations": Array [
          Object {
            "end": Object {
              "column": 35,
              "line": 12,
            },
            "start": Object {
              "column": 34,
              "line": 12,
            },
          },
          Object {
            "end": Object {
              "column": 39,
              "line": 12,
            },
            "start": Object {
              "column": 38,
              "line": 12,
            },
          },
        ],
        "type": "cond-expr",
      },
      "2": Object {
        "loc": Object {
          "end": Object {
            "column": 48,
            "line": 13,
          },
          "start": Object {
            "column": 27,
            "line": 13,
          },
        },
        "locations": Array [
          Object {
            "end": Object {
              "column": 31,
              "line": 13,
            },
            "start": Object {
              "column": 27,
              "line": 13,
            },
          },
          Object {
            "end": Object {
              "column": 39,
              "line": 13,
            },
            "start": Object {
              "column": 35,
              "line": 13,
            },
          },
          Object {
            "end": Object {
              "column": 48,
              "line": 13,
            },
            "start": Object {
              "column": 43,
              "line": 13,
            },
          },
        ],
        "type": "binary-expr",
      },
      "3": Object {
        "loc": Object {
          "end": Object {
            "column": 53,
            "line": 14,
          },
          "start": Object {
            "column": 23,
            "line": 14,
          },
        },
        "locations": Array [
          Object {
            "end": Object {
              "column": 40,
              "line": 14,
            },
            "start": Object {
              "column": 30,
              "line": 14,
            },
          },
          Object {
            "end": Object {
              "column": 53,
              "line": 14,
            },
            "start": Object {
              "column": 43,
              "line": 14,
            },
          },
        ],
        "type": "cond-expr",
      },
    },
    "f": Object {
      "0": 1,
      "1": 0,
      "2": 0,
    },
    "fnMap": Object {
      "0": Object {
        "decl": Object {
          "end": Object {
            "column": 26,
            "line": 10,
          },
          "start": Object {
            "column": 16,
            "line": 10,
          },
        },
        "loc": Object {
          "end": Object {
            "column": 1,
            "line": 17,
          },
          "start": Object {
            "column": 47,
            "line": 10,
          },
        },
        "name": "difference",
      },
      "1": Object {
        "decl": Object {
          "end": Object {
            "column": 36,
            "line": 14,
          },
          "start": Object {
            "column": 30,
            "line": 14,
          },
        },
        "loc": Object {
          "end": Object {
            "column": 40,
            "line": 14,
          },
          "start": Object {
            "column": 30,
            "line": 14,
          },
        },
        "name": "(anonymous_1)",
      },
      "2": Object {
        "decl": Object {
          "end": Object {
            "column": 49,
            "line": 14,
          },
          "start": Object {
            "column": 43,
            "line": 14,
          },
        },
        "loc": Object {
          "end": Object {
            "column": 53,
            "line": 14,
          },
          "start": Object {
            "column": 43,
            "line": 14,
          },
        },
        "name": "(anonymous_2)",
      },
    },
    "path": "covered.ts",
    "s": Object {
      "0": 1,
      "1": 1,
      "2": 1,
      "3": 1,
      "4": 1,
      "5": 0,
      "6": 0,
      "7": 1,
    },
    "statementMap": Object {
      "0": Object {
        "end": Object {
          "column": 16,
          "line": 10,
        },
        "start": Object {
          "column": 0,
          "line": 10,
        },
      },
      "1": Object {
        "end": Object {
          "column": 39,
          "line": 11,
        },
        "start": Object {
          "column": 27,
          "line": 11,
        },
      },
      "2": Object {
        "end": Object {
          "column": 39,
          "line": 12,
        },
        "start": Object {
          "column": 27,
          "line": 12,
        },
      },
      "3": Object {
        "end": Object {
          "column": 48,
          "line": 13,
        },
        "start": Object {
          "column": 27,
          "line": 13,
        },
      },
      "4": Object {
        "end": Object {
          "column": 53,
          "line": 14,
        },
        "start": Object {
          "column": 23,
          "line": 14,
        },
      },
      "5": Object {
        "end": Object {
          "column": 41,
          "line": 14,
        },
        "start": Object {
          "column": 36,
          "line": 14,
        },
      },
      "6": Object {
        "end": Object {
          "column": 54,
          "line": 14,
        },
        "start": Object {
          "column": 49,
          "line": 14,
        },
      },
      "7": Object {
        "end": Object {
          "column": 15,
          "line": 16,
        },
        "start": Object {
          "column": 2,
          "line": 16,
        },
      },
    },
  },
}
`;
