// Jest Snapshot v1, https://jestjs.io/docs/snapshot-testing

exports[`traverses directory tree up until it finds jest.config 1`] = `
"  console.log
<<REPLACED>>/jest-config-js/some/nested/directory

      at Object.log (__tests__/a-banana.js:3:27)
"
`;

exports[`traverses directory tree up until it finds jest.config 2`] = `
"PASS ../../../__tests__/a-banana.js
  ✓ banana
  ✓ abc"
`;

exports[`traverses directory tree up until it finds jest.config 3`] = `
"Test Suites: 1 passed, 1 total
Tests:       2 passed, 2 total
Snapshots:   0 total
Time:        <<REPLACED>>
Ran all test suites."
`;

exports[`works with jest.config.js 1`] = `
"PASS __tests__/a-banana.js
  ✓ banana"
`;

exports[`works with jest.config.js 2`] = `
"Test Suites: 1 passed, 1 total
Tests:       1 passed, 1 total
Snapshots:   0 total
Time:        <<REPLACED>>
Ran all test suites."
`;
