// Jest Snapshot v1, https://jestjs.io/docs/snapshot-testing

exports[`does not enforce import assertions 1`] = `
"Test Suites: 1 passed, 1 total
Tests:       2 passed, 2 total
Snapshots:   0 total
Time:        <<REPLACED>>
Ran all test suites matching native-esm-missing-import-assertions.test.js."
`;

exports[`on node >=16.11.0 support re-exports from CJS of dual packages 1`] = `
"Test Suites: 1 passed, 1 total
Tests:       1 passed, 1 total
Snapshots:   0 total
Time:        <<REPLACED>>
Ran all test suites matching native-esm-deep-cjs-reexport.test.js."
`;

exports[`on node >=16.12.0 <22.0.0 supports import assertions 1`] = `
"Test Suites: 1 passed, 1 total
Tests:       2 passed, 2 total
Snapshots:   0 total
Time:        <<REPLACED>>
Ran all test suites matching native-esm-import-assertions.test.js."
`;

exports[`properly handle re-exported native modules in ESM via CJS 1`] = `
"Test Suites: 1 passed, 1 total
Tests:       1 passed, 1 total
Snapshots:   0 total
Time:        <<REPLACED>>
Ran all test suites matching native-esm-native-module.test.js."
`;

exports[`runs WebAssembly (Wasm) test with native ESM 1`] = `
"Test Suites: 1 passed, 1 total
Tests:       6 passed, 6 total
Snapshots:   0 total
Time:        <<REPLACED>>
Ran all test suites matching native-esm-wasm.test.js."
`;

exports[`runs test with native ESM 1`] = `
"Test Suites: 1 passed, 1 total
Tests:       31 passed, 31 total
Snapshots:   0 total
Time:        <<REPLACED>>
Ran all test suites matching native-esm.test.js."
`;

exports[`runs test with native mock ESM 1`] = `
"Test Suites: 1 passed, 1 total
Tests:       3 passed, 3 total
Snapshots:   0 total
Time:        <<REPLACED>>
Ran all test suites matching native-esm-mocks.test.js."
`;

exports[`support re-exports from CJS of core module 1`] = `
"Test Suites: 1 passed, 1 total
Tests:       1 passed, 1 total
Snapshots:   0 total
Time:        <<REPLACED>>
Ran all test suites matching native-esm-core-cjs-reexport.test.js."
`;

exports[`supports top-level await 1`] = `
"Test Suites: 1 passed, 1 total
Tests:       1 passed, 1 total
Snapshots:   0 total
Time:        <<REPLACED>>
Ran all test suites matching native-esm.tla.test.js."
`;
