// Jest Snapshot v1, https://jestjs.io/docs/snapshot-testing

exports[`testMatch should able to match file with cts and mts extension 1`] = `
"Test Suites: 2 passed, 2 total
Tests:       2 passed, 2 total
Snapshots:   0 total
Time:        <<REPLACED>>
Ran all test suites."
`;
