// Jest Snapshot v1, https://jestjs.io/docs/snapshot-testing

exports[`testNamePattern skipped 1`] = `
"Test Suites: 1 passed, 1 total
Tests:       1 skipped, 1 passed, 2 total
Snapshots:   0 total
Time:        <<REPLACED>>
Ran all test suites with tests matching "false"."
`;
