// Jest Snapshot v1, https://jestjs.io/docs/snapshot-testing

exports[`should support rejecting promises 1`] = `
"// Jest Snapshot v1, https://jestjs.io/docs/snapshot-testing

exports[\`should support rejecting promises 1\`] = \`"octopus"\`;
"
`;
