// Jest Snapshot v1, https://jestjs.io/docs/snapshot-testing

exports[`instruments and collects coverage for typescript files 1`] = `
"------------|---------|----------|---------|---------|-------------------
File        | % Stmts | % Branch | % Funcs | % Lines | Uncovered Line #s 
------------|---------|----------|---------|---------|-------------------
All files   |     100 |      100 |     100 |     100 |                   
 covered.ts |     100 |      100 |     100 |     100 |                   
------------|---------|----------|---------|---------|-------------------"
`;
